{
  _type: 'element',
  tags: null,
  links: null,
  _stage: 'layouted',
  sourcePath: 'views.likec4',
  description: null,
  title: 'Landscape',
  id: 'index',
  autoLayout: {
    direction: 'TB',
  },
  hash: 'f5z95xMy7Yq-GmGeCp5kUF7Jh7FWk3So5COLutE6AQw',
  bounds: {
    x: 0,
    y: 0,
    width: 820,
    height: 503,
  },
  nodes: [
    {
      id: 'sys',
      parent: null,
      level: 0,
      children: [],
      inEdges: [],
      outEdges: [
        'dh52re',
      ],
      title: 'My System',
      modelRef: 'sys',
      shape: 'rectangle',
      color: 'primary',
      style: {
        opacity: 15,
        size: 'md',
      },
      tags: [],
      kind: 'system',
      navigateTo: 'sys_detail',
      x: 500,
      y: 0,
      width: 320,
      height: 180,
      labelBBox: {
        x: 609,
        y: 76,
        width: 103,
        height: 24,
      },
    },
    {
      id: 'ext',
      parent: null,
      level: 0,
      children: [],
      inEdges: [
        'dh52re',
      ],
      outEdges: [],
      title: 'External System',
      modelRef: 'ext',
      shape: 'rectangle',
      color: 'primary',
      style: {
        opacity: 15,
        size: 'md',
      },
      tags: [],
      kind: 'system',
      x: 0,
      y: 323,
      width: 320,
      height: 180,
      labelBBox: {
        x: 85,
        y: 76,
        width: 150,
        height: 24,
      },
    },
  ],
  edges: [
    {
      id: 'dh52re',
      source: 'sys',
      target: 'ext',
      label: 'calls',
      points: [
        [
          660,
          180,
        ],
        [
          660,
          246.5,
        ],
        [
          160,
          246.5,
        ],
        [
          160,
          313,
        ],
      ],
      labelBBox: {
        x: 394,
        y: 237.5,
        width: 32,
        height: 18,
      },
      parent: null,
      relations: [
        '19jsw67',
      ],
      color: 'gray',
      line: 'dashed',
      head: 'normal',
    },
  ],
  _layout: 'manual',
}